Microchip MPLAB XC8 Compiler V2.35

Linker command line:

-W-3 --edf=C:\Program Files\Microchip\xc8\v2.35\pic\dat\en_msgs.txt -cn \
  -h+dist/default/production\final-project-lab4-clarissa-hankee.X.production.sym \
  --cmf=dist/default/production\final-project-lab4-clarissa-hankee.X.production.cmf \
  -z -Q18F67K40 -oC:\Users\hanke\AppData\Local\Temp\xcAsi1o.4 \
  --defsym=__MPLAB_BUILD=1 \
  -Mdist/default/production/final-project-lab4-clarissa-hankee.X.production.map \
  --md=C:\Users\hanke\AppData\Local\Temp\xcAsi1o.dat -E1 -ver=XC8 Compiler \
  --acfsm=1493 -ACODE=00h-01FFFFh -ACONST=00h-01FFFFh \
  -ASMALLCONST=0E00h-0EFFhx498 -AMEDIUMCONST=0E00h-0FFFFh,010E00h-01FFFFh \
  -ACOMRAM=01h-05Fh -AABS1=00h-0DE9h -ABIGRAM=01h-0DE9h \
  -ARAM=060h-0FFh,0100h-01FFhx12,0D00h-0DE9h -ABANK0=060h-0FFh \
  -ABANK1=0100h-01FFh -ABANK2=0200h-02FFh -ABANK3=0300h-03FFh \
  -ABANK4=0400h-04FFh -ABANK5=0500h-05FFh -ABANK6=0600h-06FFh \
  -ABANK7=0700h-07FFh -ABANK8=0800h-08FFh -ABANK9=0900h-09FFh \
  -ABANK10=0A00h-0AFFh -ABANK11=0B00h-0BFFh -ABANK12=0C00h-0CFFh \
  -ABANK13=0D00h-0DE9h \
  -ASFR=0DEFh-0DFFh,0E00h-0EFFh,0F00h-0F5Fh,0F60h-0FFFh \
  -ABIGSFR=0DEFh-0FFFh -ACONFIG=0300000h-030000Bh -AIDLOC=0200000h-020000Fh \
  -AEEDATA=0310000h-03103FFh -peeprom_data=EEDATA \
  -preset_vec=00h,intcode,intcodelo,powerup,init -pramtop=0E00h \
  -psmallconst=SMALLCONST -pmediumconst=MEDIUMCONST -pconst=CONST \
  -AFARRAM=00h-00h \
  -prdata=COMRAM,nvrram=COMRAM,nvbit=COMRAM,rbss=COMRAM,rbit=COMRAM \
  -pfarbss=FARRAM,fardata=FARRAM,nvFARRAM=FARRAM \
  -pintsave_regs=BIGRAM,bigbss=BIGRAM,bigdata=BIGRAM -pbss=RAM \
  -pidata=CODE,irdata=CODE,ibigdata=CODE,ifardata=CODE -prparam=COMRAM \
  C:\Users\hanke\AppData\Local\Temp\xcAsi1o.o \
  dist/default/production\final-project-lab4-clarissa-hankee.X.production.o 

Object code version is 3.11

Machine type is 18F67K40



                Name                               Link     Load   Length Selector   Space Scale
C:\Users\hanke\AppData\Local\Temp\xcAsi1o.o
                idloc                            200000   200000       10        0       5
                config                           300000   300000        C        0       4
                init                                  0        0        4        0       0
dist/default/production\final-project-lab4-clarissa-hankee.X.production.o
                idloc                            200000   200000       10        0       5
                config                           300000   300000        C        0       4
                text53                            1BACE    1BACE       40     DD67       0
                text52                            1BDF0    1BDF0       74     DEF8       0
                text51                            1B9F8    1B9F8       26     DCFC       0
                text50                            1D57C    1D57C      1D4     EABE       0
                text49                            1C518    1C518       EA     E28C       0
                text48                            1BE64    1BE64       7E     DF32       0
                text47                            1C27E    1C27E       DE     E13F       0
                text46                            1BEE2    1BEE2       94     DF71       0
                text45                            1BD7E    1BD7E       72     DEBF       0
                text44                            1C0C6    1C0C6       DC     E063       0
                text43                            1C1A2    1C1A2       DC     E0D1       0
                text42                            1C6EC    1C6EC       F0     E376       0
                text41                            1C9C0    1C9C0      104     E4E0       0
                text40                            1B988    1B988       16     DCC4       0
                text39                            1CAC4    1CAC4      104     E562       0
                text38                            1C35C    1C35C       DE     E1AE       0
                text37                            1D0BA    1D0BA      178     E85D       0
                text36                            1C7DC    1C7DC       F0     E3EE       0
                text35                            1BF76    1BF76       94     DFBB       0
                text34                            1CDEA    1CDEA      15C     E6F5       0
                text33                            1CF46    1CF46      174     E7A3       0
                text32                            1C00A    1C00A       BC     E005       0
                text31                            1C8CC    1C8CC       F4     E466       0
                text30                            1BA1E    1BA1E       28     DD0F       0
                text29                            1BB0E    1BB0E       42     DD87       0
                text28                            1B95E    1B95E        A     DCAF       0
                text27                            1B968    1B968        A     DCB4       0
                text26                            1B972    1B972        A     DCB9       0
                text25                            1B97C    1B97C        C     DCBE       0
                text24                            1BB96    1BB96       50     DDCB       0
                text23                            1BBE6    1BBE6       50     DDF3       0
                text22                            1BC36    1BC36       50     DE1B       0
                text21                            1BC86    1BC86       50     DE43       0
                text20                            1BD28    1BD28       56     DE94       0
                text19                            1CCD0    1CCD0      11A     E668       0
                text18                            1BA46    1BA46       2A     DD23       0
                text17                            1B9B6    1B9B6       20     DCDB       0
                text16                            1BA9A    1BA9A       34     DD4D       0
                text15                            1D962    1D962      39A     ECB1       0
                text14                            1DCFC    1DCFC      42A     EE7E       0
                text13                            1E126    1E126      4C0     F093       0
                text12                            1BB50    1BB50       46     DDA8       0
                text11                            1CBC8    1CBC8      108     E5E4       0
                text10                            1D3C8    1D3C8      1B4     E9E4       0
                text9                             1F526    1F526      ADA     FA93       0
                text8                             1ED20    1ED20      806     F690       0
                text7                             1E5E6    1E5E6      73A     F2F3       0
                text6                             1BCD6    1BCD6       52     DE6B       0
                text5                             1B99E    1B99E       18     DCCF       0
                text4                             1C602    1C602       EA     E301       0
                text3                             1B9D6    1B9D6       22     DCEB       0
                text2                             1C43A    1C43A       DE     E21D       0
                text1                             1D232    1D232      196     E919       0
                text0                             1D750    1D750      212     EBA8       0
                cstackCOMRAM                          1        1       5F        1       1
                cstackBANK0                          60       60       8B       60       1
                cstackBANK1                         100      100       BA      100       1
                cstackBANK2                         200      200       8A      200       1
                bssBANK2                            28A      28A       3C      200       1
                bssBANK1                            1BA      1BA       14      100       1
                bssBANK0                             EB       EB        8       60       1
                cinit                             1BA70    1BA70       2A     DD38       0

TOTAL           Name                               Link     Load   Length     Space
        CLASS   CODE           
                init                                  0        0        4         0
                text53                            1BACE    1BACE       40         0
                text52                            1BDF0    1BDF0       74         0
                text51                            1B9F8    1B9F8       26         0
                text50                            1D57C    1D57C      1D4         0
                text49                            1C518    1C518       EA         0
                text48                            1BE64    1BE64       7E         0
                text47                            1C27E    1C27E       DE         0
                text46                            1BEE2    1BEE2       94         0
                text45                            1BD7E    1BD7E       72         0
                text44                            1C0C6    1C0C6       DC         0
                text43                            1C1A2    1C1A2       DC         0
                text42                            1C6EC    1C6EC       F0         0
                text41                            1C9C0    1C9C0      104         0
                text40                            1B988    1B988       16         0
                text39                            1CAC4    1CAC4      104         0
                text38                            1C35C    1C35C       DE         0
                text37                            1D0BA    1D0BA      178         0
                text36                            1C7DC    1C7DC       F0         0
                text35                            1BF76    1BF76       94         0
                text34                            1CDEA    1CDEA      15C         0
                text33                            1CF46    1CF46      174         0
                text32                            1C00A    1C00A       BC         0
                text31                            1C8CC    1C8CC       F4         0
                text30                            1BA1E    1BA1E       28         0
                text29                            1BB0E    1BB0E       42         0
                text28                            1B95E    1B95E        A         0
                text27                            1B968    1B968        A         0
                text26                            1B972    1B972        A         0
                text25                            1B97C    1B97C        C         0
                text24                            1BB96    1BB96       50         0
                text23                            1BBE6    1BBE6       50         0
                text22                            1BC36    1BC36       50         0
                text21                            1BC86    1BC86       50         0
                text20                            1BD28    1BD28       56         0
                text19                            1CCD0    1CCD0      11A         0
                text18                            1BA46    1BA46       2A         0
                text17                            1B9B6    1B9B6       20         0
                text16                            1BA9A    1BA9A       34         0
                text15                            1D962    1D962      39A         0
                text14                            1DCFC    1DCFC      42A         0
                text13                            1E126    1E126      4C0         0
                text12                            1BB50    1BB50       46         0
                text11                            1CBC8    1CBC8      108         0
                text10                            1D3C8    1D3C8      1B4         0
                text9                             1F526    1F526      ADA         0
                text8                             1ED20    1ED20      806         0
                text7                             1E5E6    1E5E6      73A         0
                text6                             1BCD6    1BCD6       52         0
                text5                             1B99E    1B99E       18         0
                text4                             1C602    1C602       EA         0
                text3                             1B9D6    1B9D6       22         0
                text2                             1C43A    1C43A       DE         0
                text1                             1D232    1D232      196         0
                text0                             1D750    1D750      212         0
                cinit                             1BA70    1BA70       2A         0

        CLASS   CONST          

        CLASS   SMALLCONST     

        CLASS   MEDIUMCONST    

        CLASS   COMRAM         
                cstackCOMRAM                          1        1       5F         1

        CLASS   ABS1           

        CLASS   BIGRAM         

        CLASS   RAM            

        CLASS   BANK0          
                cstackBANK0                          60       60       8B         1
                bssBANK0                             EB       EB        8         1

        CLASS   BANK1          
                cstackBANK1                         100      100       BA         1
                bssBANK1                            1BA      1BA       14         1

        CLASS   BANK2          
                cstackBANK2                         200      200       8A         1
                bssBANK2                            28A      28A       3C         1

        CLASS   BANK3          

        CLASS   BANK4          

        CLASS   BANK5          

        CLASS   BANK6          

        CLASS   BANK7          

        CLASS   BANK8          

        CLASS   BANK9          

        CLASS   BANK10         

        CLASS   BANK11         

        CLASS   BANK12         

        CLASS   BANK13         

        CLASS   SFR            

        CLASS   BIGSFR         

        CLASS   CONFIG         
                config                           300000   300000        C         4

        CLASS   IDLOC          
                idloc                            200000   200000       10         5

        CLASS   EEDATA         

        CLASS   FARRAM         

        CLASS   HEAP           

        CLASS   STACK          



SEGMENTS        Name                           Load    Length   Top    Selector   Space  Class

                reset_vec                      000000  000004  000004         0       0  CODE    
                cstackCOMRAM                   000001  00005F  000060         1       1  COMRAM  
                cstackBANK0                    000060  000093  0000F3        60       1  BANK0   
                cstackBANK1                    000100  0000CE  0001CE       100       1  BANK1   
                cstackBANK2                    000200  0000C6  0002C6       200       1  BANK2   
                text28                         01B95E  00000A  01B968      DCAF       0  CODE    
                text27                         01B968  00000A  01B972      DCB4       0  CODE    
                text26                         01B972  00000A  01B97C      DCB9       0  CODE    
                text25                         01B97C  00000C  01B988      DCBE       0  CODE    
                text40                         01B988  000016  01B99E      DCC4       0  CODE    
                text5                          01B99E  000018  01B9B6      DCCF       0  CODE    
                text17                         01B9B6  000020  01B9D6      DCDB       0  CODE    
                text3                          01B9D6  000022  01B9F8      DCEB       0  CODE    
                text51                         01B9F8  000026  01BA1E      DCFC       0  CODE    
                text30                         01BA1E  000028  01BA46      DD0F       0  CODE    
                text18                         01BA46  00002A  01BA70      DD23       0  CODE    
                cinit                          01BA70  00002A  01BA9A      DD38       0  CODE    
                text16                         01BA9A  000034  01BACE      DD4D       0  CODE    
                text53                         01BACE  000040  01BB0E      DD67       0  CODE    
                text29                         01BB0E  000042  01BB50      DD87       0  CODE    
                text12                         01BB50  000046  01BB96      DDA8       0  CODE    
                text24                         01BB96  000050  01BBE6      DDCB       0  CODE    
                text23                         01BBE6  000050  01BC36      DDF3       0  CODE    
                text22                         01BC36  000050  01BC86      DE1B       0  CODE    
                text21                         01BC86  000050  01BCD6      DE43       0  CODE    
                text6                          01BCD6  000052  01BD28      DE6B       0  CODE    
                text20                         01BD28  000056  01BD7E      DE94       0  CODE    
                text45                         01BD7E  000072  01BDF0      DEBF       0  CODE    
                text52                         01BDF0  000074  01BE64      DEF8       0  CODE    
                text48                         01BE64  00007E  01BEE2      DF32       0  CODE    
                text46                         01BEE2  000094  01BF76      DF71       0  CODE    
                text35                         01BF76  000094  01C00A      DFBB       0  CODE    
                text32                         01C00A  0000BC  01C0C6      E005       0  CODE    
                text44                         01C0C6  0000DC  01C1A2      E063       0  CODE    
                text43                         01C1A2  0000DC  01C27E      E0D1       0  CODE    
                text47                         01C27E  0000DE  01C35C      E13F       0  CODE    
                text38                         01C35C  0000DE  01C43A      E1AE       0  CODE    
                text2                          01C43A  0000DE  01C518      E21D       0  CODE    
                text49                         01C518  0000EA  01C602      E28C       0  CODE    
                text4                          01C602  0000EA  01C6EC      E301       0  CODE    
                text42                         01C6EC  0000F0  01C7DC      E376       0  CODE    
                text36                         01C7DC  0000F0  01C8CC      E3EE       0  CODE    
                text31                         01C8CC  0000F4  01C9C0      E466       0  CODE    
                text41                         01C9C0  000104  01CAC4      E4E0       0  CODE    
                text39                         01CAC4  000104  01CBC8      E562       0  CODE    
                text11                         01CBC8  000108  01CCD0      E5E4       0  CODE    
                text19                         01CCD0  00011A  01CDEA      E668       0  CODE    
                text34                         01CDEA  00015C  01CF46      E6F5       0  CODE    
                text33                         01CF46  000174  01D0BA      E7A3       0  CODE    
                text37                         01D0BA  000178  01D232      E85D       0  CODE    
                text1                          01D232  000196  01D3C8      E919       0  CODE    
                text10                         01D3C8  0001B4  01D57C      E9E4       0  CODE    
                text50                         01D57C  0001D4  01D750      EABE       0  CODE    
                text0                          01D750  000212  01D962      EBA8       0  CODE    
                text15                         01D962  00039A  01DCFC      ECB1       0  CODE    
                text14                         01DCFC  00042A  01E126      EE7E       0  CODE    
                text13                         01E126  0004C0  01E5E6      F093       0  CODE    
                text7                          01E5E6  00073A  01ED20      F2F3       0  CODE    
                text8                          01ED20  000806  01F526      F690       0  CODE    
                text9                          01F526  000ADA  020000      FA93       0  CODE    


UNUSED ADDRESS RANGES

        Name                Unused          Largest block    Delta
        BANK0            0000F3-0000FF                D
        BANK1            0001CE-0001FF               32
        BANK10           000A00-000AFF              100
        BANK11           000B00-000BFF              100
        BANK12           000C00-000CFF              100
        BANK13           000D00-000DE9               EA
        BANK2            0002C6-0002FF               3A
        BANK3            000300-0003FF              100
        BANK4            000400-0004FF              100
        BANK5            000500-0005FF              100
        BANK6            000600-0006FF              100
        BANK7            000700-0007FF              100
        BANK8            000800-0008FF              100
        BANK9            000900-0009FF              100
        BIGRAM           0000F3-0000FF                D
                         0001CE-0001FF               32
                         0002C6-000DE9              B24
        BIGSFR           000DEF-000FFF              211
        CODE             000004-01B95D            1B95A
        CONST            000004-01B95D            1B95A
        EEDATA           310000-3103FF              400
        MEDIUMCONST      000E00-00FFFF             F200
                         010E00-01B95D             AB5E
        RAM              0000F3-0000FF                D
                         0001CE-0001FF               32
                         0002C6-000DE9              100
        SFR              000DEF-000FFF              100
        SMALLCONST       000E00-01B95D              100

                                  Symbol Table

?___fladd                      cstackCOMRAM 00000F
?___fldiv                      cstackCOMRAM 000027
?___flmul                      cstackCOMRAM 000040
?___flsub                      cstackCOMRAM 00001F
?___fltol                      cstackCOMRAM 000059
?___lwdiv                      cstackCOMRAM 000007
?___wmul                       cstackCOMRAM 000001
?___xxtofl                     cstackCOMRAM 000001
?_color_read_Blue              cstackCOMRAM 000005
?_color_read_Clear             cstackCOMRAM 000005
?_color_read_Green             cstackCOMRAM 000005
?_color_read_Red               cstackCOMRAM 000005
?_findcolor                    cstackBANK0  00008D
I2C_2_Master_Read@ack          cstackCOMRAM 000003
I2C_2_Master_Read@tmp          cstackCOMRAM 000004
I2C_2_Master_Write@data_byte   cstackCOMRAM 000002
_ANSELDbits                    (abs)        000EA7
_ANSELFbits                    (abs)        000EB4
_BAUD4CONbits                  (abs)        000EE9
_EUSART4RXbuf                  bssBANK1     0001BA
_EUSART4TXbuf                  bssBANK2     00028A
_I2C_2_Master_Idle             text30       01BA1E
_I2C_2_Master_Init             text18       01BA46
_I2C_2_Master_Read             text29       01BB0E
_I2C_2_Master_RepStart         text28       01B95E
_I2C_2_Master_Start            text27       01B968
_I2C_2_Master_Stop             text26       01B972
_I2C_2_Master_Write            text25       01B97C
_LATAbits                      (abs)        000F79
_LATCbits                      (abs)        000F7B
_LATDbits                      (abs)        000F7C
_LATE                          (abs)        000F7D
_LATEbits                      (abs)        000F7D
_LATFbits                      (abs)        000F7E
_LATG                          (abs)        000F7F
_LATGbits                      (abs)        000F7F
_LATHbits                      (abs)        000F80
_PIR4bits                      (abs)        000E37
_PORTFbits                     (abs)        000F8E
_PWM6CONbits                   (abs)        000FA4
_PWM6DCH                       (abs)        000FA3
_PWM7CONbits                   (abs)        000FA1
_PWM7DCH                       (abs)        000FA0
_RC0PPS                        (abs)        000E62
_RC4STAbits                    (abs)        000EE7
_RC7PPS                        (abs)        000E69
_RD5PPS                        (abs)        000E6F
_RD6PPS                        (abs)        000E70
_RE2PPS                        (abs)        000E74
_RX4PPS                        (abs)        000E15
_RxBufReadCnt                  bssBANK0     0000F1
_RxBufWriteCnt                 bssBANK0     0000F2
_SP4BRGH                       (abs)        000EE6
_SP4BRGL                       (abs)        000EE5
_SSP2ADD                       (abs)        000ED6
_SSP2BUF                       (abs)        000ED5
_SSP2CLKPPS                    (abs)        000E1C
_SSP2CON1bits                  (abs)        000ED9
_SSP2CON2                      (abs)        000EDA
_SSP2CON2bits                  (abs)        000EDA
_SSP2DATPPS                    (abs)        000E1D
_SSP2STAT                      (abs)        000ED8
_T2CLKCONbits                  (abs)        000FBF
_T2CONbits                     (abs)        000FBD
_T2HLTbits                     (abs)        000FBE
_T2PR                          (abs)        000FBC
_TRISAbits                     (abs)        000F81
_TRISCbits                     (abs)        000F83
_TRISDbits                     (abs)        000F84
_TRISEbits                     (abs)        000F85
_TRISFbits                     (abs)        000F86
_TRISGbits                     (abs)        000F87
_TRISHbits                     (abs)        000F88
_TX4REG                        (abs)        000EE4
_TX4STAbits                    (abs)        000EE8
_TxBufReadCnt                  bssBANK0     0000EF
_TxBufWriteCnt                 bssBANK0     0000F0
__HRAM                         (abs)        000000
__Habs1                        abs1         000000
__Hbank0                       bank0        000000
__Hbank1                       bank1        000000
__Hbank10                      bank10       000000
__Hbank11                      bank11       000000
__Hbank12                      bank12       000000
__Hbank13                      bank13       000000
__Hbank2                       bank2        000000
__Hbank3                       bank3        000000
__Hbank4                       bank4        000000
__Hbank5                       bank5        000000
__Hbank6                       bank6        000000
__Hbank7                       bank7        000000
__Hbank8                       bank8        000000
__Hbank9                       bank9        000000
__Hbigbss                      bigbss       000000
__Hbigdata                     bigdata      000000
__Hbigram                      bigram       000000
__Hbigsfr                      bigsfr       000000
__Hbss                         bss          000000
__HbssBANK0                    bssBANK0     000000
__HbssBANK1                    bssBANK1     000000
__HbssBANK2                    bssBANK2     000000
__Hcinit                       cinit        000000
__Hclrtext                     clrtext      000000
__Hcomram                      comram       000000
__Hconfig                      config       30000C
__Hconst                       const        000000
__HcstackBANK0                 cstackBANK0  000000
__HcstackBANK1                 cstackBANK1  000000
__HcstackBANK2                 cstackBANK2  000000
__HcstackCOMRAM                cstackCOMRAM 000000
__Hdata                        data         000000
__Heeprom_data                 eeprom_data  000000
__Hfarbss                      farbss       000000
__Hfardata                     fardata      000000
__Hheap                        heap         000000
__Hibigdata                    ibigdata     000000
__Hidata                       idata        000000
__Hidloc                       idloc        200010
__Hifardata                    ifardata     000000
__Hinit                        init         000004
__Hintcode                     intcode      000000
__Hintcode_body                intcode_body 000000
__Hintcodelo                   intcodelo    000000
__Hintentry                    intentry     000000
__Hintret                      intret       000000
__Hintsave_regs                intsave_regs 000000
__Hirdata                      irdata       000000
__Hmediumconst                 mediumconst  000000
__HnvFARRAM                    nvFARRAM     000000
__Hnvbit                       nvbit        000000
__Hnvrram                      nvrram       000000
__Hparam                       rparam       000000
__Hpowerup                     powerup      000000
__Hram                         ram          000000
__Hramtop                      ramtop       000E00
__Hrbit                        rbit         000000
__Hrbss                        rbss         000000
__Hrdata                       rdata        000000
__Hreset_vec                   reset_vec    000000
__Hrparam                      rparam       000000
__Hsfr                         sfr          000000
__Hsmallconst                  smallconst   000000
__Hspace_0                     (abs)        020000
__Hspace_1                     (abs)        0002C6
__Hspace_2                     (abs)        000000
__Hspace_4                     (abs)        60000C
__Hstack                       stack        000000
__Hstruct                      struct       000000
__Htemp                        temp         000000
__Htext                        text         000000
__Htext0                       text0        000000
__Htext1                       text1        000000
__Htext10                      text10       000000
__Htext11                      text11       000000
__Htext12                      text12       000000
__Htext13                      text13       000000
__Htext14                      text14       000000
__Htext15                      text15       000000
__Htext16                      text16       000000
__Htext17                      text17       000000
__Htext18                      text18       000000
__Htext19                      text19       000000
__Htext2                       text2        000000
__Htext20                      text20       000000
__Htext21                      text21       000000
__Htext22                      text22       000000
__Htext23                      text23       000000
__Htext24                      text24       000000
__Htext25                      text25       000000
__Htext26                      text26       000000
__Htext27                      text27       000000
__Htext28                      text28       000000
__Htext29                      text29       000000
__Htext3                       text3        000000
__Htext30                      text30       000000
__Htext31                      text31       000000
__Htext32                      text32       000000
__Htext33                      text33       000000
__Htext34                      text34       000000
__Htext35                      text35       000000
__Htext36                      text36       000000
__Htext37                      text37       000000
__Htext38                      text38       000000
__Htext39                      text39       000000
__Htext4                       text4        000000
__Htext40                      text40       000000
__Htext41                      text41       000000
__Htext42                      text42       000000
__Htext43                      text43       000000
__Htext44                      text44       000000
__Htext45                      text45       000000
__Htext46                      text46       000000
__Htext47                      text47       000000
__Htext48                      text48       000000
__Htext49                      text49       000000
__Htext5                       text5        000000
__Htext50                      text50       000000
__Htext51                      text51       000000
__Htext52                      text52       000000
__Htext53                      text53       000000
__Htext6                       text6        000000
__Htext7                       text7        000000
__Htext8                       text8        000000
__Htext9                       text9        000000
__LRAM                         (abs)        000001
__Labs1                        abs1         000000
__Lbank0                       bank0        000000
__Lbank1                       bank1        000000
__Lbank10                      bank10       000000
__Lbank11                      bank11       000000
__Lbank12                      bank12       000000
__Lbank13                      bank13       000000
__Lbank2                       bank2        000000
__Lbank3                       bank3        000000
__Lbank4                       bank4        000000
__Lbank5                       bank5        000000
__Lbank6                       bank6        000000
__Lbank7                       bank7        000000
__Lbank8                       bank8        000000
__Lbank9                       bank9        000000
__Lbigbss                      bigbss       000000
__Lbigdata                     bigdata      000000
__Lbigram                      bigram       000000
__Lbigsfr                      bigsfr       000000
__Lbss                         bss          000000
__LbssBANK0                    bssBANK0     000000
__LbssBANK1                    bssBANK1     000000
__LbssBANK2                    bssBANK2     000000
__Lcinit                       cinit        000000
__Lclrtext                     clrtext      000000
__Lcomram                      comram       000000
__Lconfig                      config       000000
__Lconst                       const        000000
__LcstackBANK0                 cstackBANK0  000000
__LcstackBANK1                 cstackBANK1  000000
__LcstackBANK2                 cstackBANK2  000000
__LcstackCOMRAM                cstackCOMRAM 000000
__Ldata                        data         000000
__Leeprom_data                 eeprom_data  000000
__Lfarbss                      farbss       000000
__Lfardata                     fardata      000000
__Lheap                        heap         000000
__Libigdata                    ibigdata     000000
__Lidata                       idata        000000
__Lidloc                       idloc        000000
__Lifardata                    ifardata     000000
__Linit                        init         000000
__Lintcode                     intcode      000000
__Lintcode_body                intcode_body 000000
__Lintcodelo                   intcodelo    000000
__Lintentry                    intentry     000000
__Lintret                      intret       000000
__Lintsave_regs                intsave_regs 000000
__Lirdata                      irdata       000000
__Lmediumconst                 mediumconst  000000
__LnvFARRAM                    nvFARRAM     000000
__Lnvbit                       nvbit        000000
__Lnvrram                      nvrram       000000
__Lparam                       rparam       000000
__Lpowerup                     powerup      000000
__Lram                         ram          000000
__Lramtop                      ramtop       000E00
__Lrbit                        rbit         000000
__Lrbss                        rbss         000000
__Lrdata                       rdata        000000
__Lreset_vec                   reset_vec    000000
__Lrparam                      rparam       000000
__Lsfr                         sfr          000000
__Lsmallconst                  smallconst   000000
__Lspace_0                     (abs)        000000
__Lspace_1                     (abs)        000000
__Lspace_2                     (abs)        000000
__Lspace_4                     (abs)        000000
__Lstack                       stack        000000
__Lstruct                      struct       000000
__Ltemp                        temp         000000
__Ltext                        text         000000
__Ltext0                       text0        000000
__Ltext1                       text1        000000
__Ltext10                      text10       000000
__Ltext11                      text11       000000
__Ltext12                      text12       000000
__Ltext13                      text13       000000
__Ltext14                      text14       000000
__Ltext15                      text15       000000
__Ltext16                      text16       000000
__Ltext17                      text17       000000
__Ltext18                      text18       000000
__Ltext19                      text19       000000
__Ltext2                       text2        000000
__Ltext20                      text20       000000
__Ltext21                      text21       000000
__Ltext22                      text22       000000
__Ltext23                      text23       000000
__Ltext24                      text24       000000
__Ltext25                      text25       000000
__Ltext26                      text26       000000
__Ltext27                      text27       000000
__Ltext28                      text28       000000
__Ltext29                      text29       000000
__Ltext3                       text3        000000
__Ltext30                      text30       000000
__Ltext31                      text31       000000
__Ltext32                      text32       000000
__Ltext33                      text33       000000
__Ltext34                      text34       000000
__Ltext35                      text35       000000
__Ltext36                      text36       000000
__Ltext37                      text37       000000
__Ltext38                      text38       000000
__Ltext39                      text39       000000
__Ltext4                       text4        000000
__Ltext40                      text40       000000
__Ltext41                      text41       000000
__Ltext42                      text42       000000
__Ltext43                      text43       000000
__Ltext44                      text44       000000
__Ltext45                      text45       000000
__Ltext46                      text46       000000
__Ltext47                      text47       000000
__Ltext48                      text48       000000
__Ltext49                      text49       000000
__Ltext5                       text5        000000
__Ltext50                      text50       000000
__Ltext51                      text51       000000
__Ltext52                      text52       000000
__Ltext53                      text53       000000
__Ltext6                       text6        000000
__Ltext7                       text7        000000
__Ltext8                       text8        000000
__Ltext9                       text9        000000
__S0                           (abs)        020000
__S1                           (abs)        0002C6
__S4                           (abs)        000000
__S5                           (abs)        000000
___fladd                       text13       01E126
___fladd@a                     cstackCOMRAM 000013
___fladd@aexp                  cstackCOMRAM 00001C
___fladd@b                     cstackCOMRAM 00000F
___fladd@bexp                  cstackCOMRAM 00001D
___fladd@grs                   cstackCOMRAM 00001E
___fladd@signs                 cstackCOMRAM 00001B
___fldiv                       text15       01D962
___fldiv@a                     cstackCOMRAM 00002B
___fldiv@aexp                  cstackCOMRAM 00003F
___fldiv@b                     cstackCOMRAM 000027
___fldiv@bexp                  cstackCOMRAM 00003E
___fldiv@grs                   cstackCOMRAM 00003A
___fldiv@new_exp               cstackCOMRAM 000038
___fldiv@rem                   cstackCOMRAM 000033
___fldiv@sign                  cstackCOMRAM 000037
___flmul                       text14       01DCFC
___flmul@a                     cstackCOMRAM 000044
___flmul@aexp                  cstackCOMRAM 000051
___flmul@b                     cstackCOMRAM 000040
___flmul@bexp                  cstackCOMRAM 000052
___flmul@grs                   cstackCOMRAM 00004D
___flmul@prod                  cstackCOMRAM 000053
___flmul@sign                  cstackCOMRAM 00004C
___flmul@temp                  cstackCOMRAM 000057
___flsub                       text12       01BB50
___flsub@a                     cstackCOMRAM 000023
___flsub@b                     cstackCOMRAM 00001F
___fltol                       text11       01CBC8
___fltol@exp1                  cstackCOMRAM 00005E
___fltol@f1                    cstackCOMRAM 000059
___fltol@sign1                 cstackCOMRAM 00005D
___heap_hi                     (abs)        000000
___heap_lo                     (abs)        000000
___inthi_sp                    stack        000000
___intlo_sp                    stack        000000
___lwdiv                       text52       01BDF0
___lwdiv@counter               cstackCOMRAM 00000D
___lwdiv@dividend              cstackCOMRAM 000007
___lwdiv@divisor               cstackCOMRAM 000009
___lwdiv@quotient              cstackCOMRAM 00000B
___param_bank                  (abs)        000000
___rparam_used                 (abs)        000001
___sp                          stack        000000
___wmul                        text51       01B9F8
___wmul@multiplicand           cstackCOMRAM 000003
___wmul@multiplier             cstackCOMRAM 000001
___wmul@product                cstackCOMRAM 000005
___xxtofl                      text10       01D3C8
___xxtofl@arg                  cstackCOMRAM 00000B
___xxtofl@exp                  cstackCOMRAM 00000A
___xxtofl@sign                 cstackCOMRAM 000009
___xxtofl@val                  cstackCOMRAM 000001
__accesstop                    (abs)        000060
__activetblptr                 (abs)        000003
__end_of_I2C_2_Master_Idle     text30       01BA46
__end_of_I2C_2_Master_Init     text18       01BA70
__end_of_I2C_2_Master_Read     text29       01BB50
__end_of_I2C_2_Master_RepStart text28       01B968
__end_of_I2C_2_Master_Start    text27       01B972
__end_of_I2C_2_Master_Stop     text26       01B97C
__end_of_I2C_2_Master_Write    text25       01B988
__end_of___fladd               text13       01E5E6
__end_of___fldiv               text15       01DCFC
__end_of___flmul               text14       01E126
__end_of___flsub               text12       01BB96
__end_of___fltol               text11       01CCD0
__end_of___lwdiv               text52       01BE64
__end_of___wmul                text51       01BA1E
__end_of___xxtofl              text10       01D57C
__end_of__initialization       cinit        01BA94
__end_of_actionArray           text53       01BB0E
__end_of_adjustbackward        text48       01BEE2
__end_of_adjustforward         text2        01C518
__end_of_backToStart           text31       01C9C0
__end_of_backward              text38       01C43A
__end_of_blackAction           text46       01BF76
__end_of_blueAction            text45       01BDF0
__end_of_calibrateColor        text19       01CDEA
__end_of_colorCase             text33       01D0BA
__end_of_color_click_init      text16       01BACE
__end_of_color_read_Blue       text24       01BBE6
__end_of_color_read_Clear      text23       01BC36
__end_of_color_read_Green      text22       01BC86
__end_of_color_read_Red        text21       01BCD6
__end_of_color_writetoaddr     text17       01B9D6
__end_of_convertHSV            text9        020000
__end_of_findHSV               text8        01F526
__end_of_findcolor             text7        01ED20
__end_of_forward               text32       01C0C6
__end_of_fwdTimeArray          text6        01BD28
__end_of_greenAction           text42       01C7DC
__end_of_initButton            text5        01B9B6
__end_of_initDCmotorsPWM       text4        01C6EC
__end_of_initUSART4            text3        01B9F8
__end_of_lightBlueAction       text41       01CAC4
__end_of_main                  text0        01D962
__end_of_nullAction            text40       01B99E
__end_of_orangeAction          text39       01CBC8
__end_of_pinkAction            text37       01D232
__end_of_redAction             text36       01C8CC
__end_of_scanColor             text1        01D3C8
__end_of_setMotorPWM           text50       01D750
__end_of_stop                  text49       01C602
__end_of_turn180               text47       01C35C
__end_of_turnACW45             text44       01C1A2
__end_of_turnCW45              text43       01C27E
__end_of_turnonLED             text20       01BD7E
__end_of_whiteAction           text35       01C00A
__end_of_yellowAction          text34       01CF46
__initialization               cinit        01BA70
__mediumconst                  mediumconst  000000
__pbssBANK0                    bssBANK0     0000EB
__pbssBANK1                    bssBANK1     0001BA
__pbssBANK2                    bssBANK2     00028A
__pcinit                       cinit        01BA70
__pcstackBANK0                 cstackBANK0  000060
__pcstackBANK1                 cstackBANK1  000100
__pcstackBANK2                 cstackBANK2  000200
__pcstackCOMRAM                cstackCOMRAM 000001
__ptext0                       text0        01D750
__ptext1                       text1        01D232
__ptext10                      text10       01D3C8
__ptext11                      text11       01CBC8
__ptext12                      text12       01BB50
__ptext13                      text13       01E126
__ptext14                      text14       01DCFC
__ptext15                      text15       01D962
__ptext16                      text16       01BA9A
__ptext17                      text17       01B9B6
__ptext18                      text18       01BA46
__ptext19                      text19       01CCD0
__ptext2                       text2        01C43A
__ptext20                      text20       01BD28
__ptext21                      text21       01BC86
__ptext22                      text22       01BC36
__ptext23                      text23       01BBE6
__ptext24                      text24       01BB96
__ptext25                      text25       01B97C
__ptext26                      text26       01B972
__ptext27                      text27       01B968
__ptext28                      text28       01B95E
__ptext29                      text29       01BB0E
__ptext3                       text3        01B9D6
__ptext30                      text30       01BA1E
__ptext31                      text31       01C8CC
__ptext32                      text32       01C00A
__ptext33                      text33       01CF46
__ptext34                      text34       01CDEA
__ptext35                      text35       01BF76
__ptext36                      text36       01C7DC
__ptext37                      text37       01D0BA
__ptext38                      text38       01C35C
__ptext39                      text39       01CAC4
__ptext4                       text4        01C602
__ptext40                      text40       01B988
__ptext41                      text41       01C9C0
__ptext42                      text42       01C6EC
__ptext43                      text43       01C1A2
__ptext44                      text44       01C0C6
__ptext45                      text45       01BD7E
__ptext46                      text46       01BEE2
__ptext47                      text47       01C27E
__ptext48                      text48       01BE64
__ptext49                      text49       01C518
__ptext5                       text5        01B99E
__ptext50                      text50       01D57C
__ptext51                      text51       01B9F8
__ptext52                      text52       01BDF0
__ptext53                      text53       01BACE
__ptext6                       text6        01BCD6
__ptext7                       text7        01E5E6
__ptext8                       text8        01ED20
__ptext9                       text9        01F526
__ramtop                       ramtop       000E00
__smallconst                   smallconst   000000
_actionArray                   text53       01BACE
_adjustbackward                text48       01BE64
_adjustforward                 text2        01C43A
_backToStart                   text31       01C8CC
_backward                      text38       01C35C
_blackAction                   text46       01BEE2
_blueAction                    text45       01BD7E
_calibrateColor                text19       01CCD0
_colorCase                     text33       01CF46
_color_click_init              text16       01BA9A
_color_read_Blue               text24       01BB96
_color_read_Clear              text23       01BBE6
_color_read_Green              text22       01BC36
_color_read_Red                text21       01BC86
_color_writetoaddr             text17       01B9B6
_convertHSV                    text9        01F526
_convertHSV$2548               cstackBANK0  000080
_convertHSV$761                cstackBANK0  00007A
_convertHSV$763                cstackBANK0  00007C
_convertHSV$765                cstackBANK0  00007E
_findHSV                       text8        01ED20
_findHSV$2549                  cstackBANK0  00007C
_findHSV$784                   cstackBANK0  000076
_findHSV$785                   cstackBANK0  000078
_findHSV$786                   cstackBANK0  00007A
_findcolor                     text7        01E5E6
_forward                       text32       01C00A
_fwdTimeArray                  text6        01BCD6
_greenAction                   text42       01C6EC
_initButton                    text5        01B99E
_initDCmotorsPWM               text4        01C602
_initUSART4                    text3        01B9D6
_lightBlueAction               text41       01C9C0
_main                          text0        01D750
_nullAction                    text40       01B988
_orangeAction                  text39       01CAC4
_pinkAction                    text37       01D0BA
_redAction                     text36       01C7DC
_scanColor                     text1        01D232
_setMotorPWM                   text50       01D57C
_stop                          text49       01C518
_turn180                       text47       01C27E
_turnACW45                     text44       01C0C6
_turnCW45                      text43       01C1A2
_turnonLED                     text20       01BD28
_whiteAction                   text35       01BF76
_yellowAction                  text34       01CDEA
actionArray@actArr             cstackCOMRAM 000001
actionArray@colorScan          cstackCOMRAM 000003
actionArray@i                  bssBANK0     0000EC
actionArray@lenArr             cstackCOMRAM 000008
adjustbackward@mL              cstackCOMRAM 00001D
adjustbackward@mR              cstackCOMRAM 00001F
adjustforward@mL               cstackCOMRAM 00001D
adjustforward@mR               cstackCOMRAM 00001F
backToStart@actArr             cstackCOMRAM 000034
backToStart@fwdArr             cstackCOMRAM 000038
backToStart@fwdTime            cstackCOMRAM 000036
backToStart@k                  cstackCOMRAM 000046
backToStart@lenRead            cstackCOMRAM 000032
backToStart@mL                 cstackCOMRAM 00003B
backToStart@mR                 cstackCOMRAM 00003D
backToStart@reverse            cstackCOMRAM 00003A
backToStart@val                cstackCOMRAM 000045
backward@mL                    cstackCOMRAM 00001D
backward@mR                    cstackCOMRAM 00001F
blackAction@mL                 cstackCOMRAM 000023
blackAction@mR                 cstackCOMRAM 000025
blackAction@reverse            cstackCOMRAM 000029
blueAction@mL                  cstackCOMRAM 000023
blueAction@mR                  cstackCOMRAM 000025
calibrateColor@i               bssBANK0     0000EE
calibrateColor@sc              cstackCOMRAM 00000C
colorCase@mL                   cstackCOMRAM 00002B
colorCase@mR                   cstackCOMRAM 00002D
colorCase@reverse              cstackCOMRAM 00002A
colorCase@val                  cstackCOMRAM 000031
color_read_Blue@tmp            cstackCOMRAM 00000A
color_read_Clear@tmp           cstackCOMRAM 00000A
color_read_Green@tmp           cstackCOMRAM 00000A
color_read_Red@tmp             cstackCOMRAM 00000A
color_writetoaddr@address      cstackCOMRAM 000004
color_writetoaddr@value        cstackCOMRAM 000003
convertHSV@h                   cstackBANK0  000085
convertHSV@i                   cstackBANK0  000091
convertHSV@maxIndex            cstackBANK0  000084
convertHSV@maxValue            cstackBANK0  00008D
convertHSV@minValue            cstackBANK0  000089
convertHSV@s                   cstackBANK0  000076
convertHSV@sc                  cstackBANK0  000064
convertHSV@sh                  cstackBANK0  000066
convertHSV@ss                  cstackBANK0  000074
convertHSV@v                   cstackBANK0  000070
end_of_initialization          cinit        01BA94
findHSV@cr                     cstackBANK0  000064
findHSV@h                      cstackBANK0  000081
findHSV@hr                     cstackBANK0  000066
findHSV@maxIndex               cstackBANK0  000080
findHSV@maxValue               cstackBANK0  000089
findHSV@minValue               cstackBANK0  000085
findHSV@s                      cstackBANK0  000072
findHSV@ss                     cstackBANK0  000070
findHSV@v                      cstackBANK0  00006C
findcolor@a                    cstackBANK0  0000A3
findcolor@b                    cstackBANK0  0000A4
findcolor@c                    cstackBANK0  0000A2
findcolor@col                  cstackBANK0  0000A8
findcolor@cr                   cstackBANK0  00008D
findcolor@hr                   cstackBANK0  00008F
findcolor@i                    cstackBANK0  0000A5
findcolor@j                    cstackBANK0  0000A6
findcolor@k                    cstackBANK0  0000A7
findcolor@lenRead              cstackBANK0  000093
findcolor@sh                   cstackBANK0  000091
findcolor@tolH                 cstackBANK0  00009D
findcolor@tolS                 cstackBANK0  0000A1
findcolor@tolV                 cstackBANK0  00009F
forward@mL                     cstackCOMRAM 00001D
forward@mR                     cstackCOMRAM 00001F
fwdTimeArray@fwdArr            cstackCOMRAM 000001
fwdTimeArray@fwdSize           cstackCOMRAM 000007
fwdTimeArray@fwdTime           cstackCOMRAM 000003
fwdTimeArray@j                 bssBANK0     0000EB
greenAction@mL                 cstackCOMRAM 000023
greenAction@mR                 cstackCOMRAM 000025
greenAction@reverse            cstackCOMRAM 000029
initDCmotorsPWM@PWMperiod      cstackCOMRAM 000001
initDCmotorsPWM@mL             cstackCOMRAM 000003
initDCmotorsPWM@mR             cstackCOMRAM 000005
intlevel0                      text         000000
intlevel1                      text         000000
intlevel2                      text         000000
intlevel3                      text         000000
isa$std                        (abs)        000001
isa$xinst                      (abs)        000000
lightBlueAction@mL             cstackCOMRAM 000023
lightBlueAction@mR             cstackCOMRAM 000025
lightBlueAction@reverse        cstackCOMRAM 000029
main@actArr                    cstackBANK0  0000AB
main@clear                     cstackBANK1  000132
main@cr                        cstackBANK0  0000E3
main@fwdArr                    cstackBANK1  000100
main@fwdTime                   cstackBANK0  0000E1
main@hr                        cstackBANK1  0001B2
main@lenArr                    cstackBANK0  0000DD
main@lenRead                   cstackBANK0  0000DE
main@mode                      cstackBANK0  0000E0
main@motorL                    cstackBANK2  000281
main@motorR                    cstackBANK2  000278
main@reverse                   cstackCOMRAM 00005F
main@sc                        cstackBANK2  000200
main@sh                        cstackBANK1  00013A
main@v                         cstackBANK0  0000DF
nullAction@mL                  cstackCOMRAM 00001D
nullAction@mR                  cstackCOMRAM 00001F
orangeAction@mL                cstackCOMRAM 000023
orangeAction@mR                cstackCOMRAM 000025
orangeAction@reverse           cstackCOMRAM 000029
pinkAction@mL                  cstackCOMRAM 000023
pinkAction@mR                  cstackCOMRAM 000025
pinkAction@reverse             cstackCOMRAM 000029
redAction@mL                   cstackCOMRAM 000023
redAction@mR                   cstackCOMRAM 000025
redAction@reverse              cstackCOMRAM 000029
scanColor@C_max                cstackCOMRAM 000033
scanColor@clear                cstackCOMRAM 000023
scanColor@fwdTime              cstackCOMRAM 00002B
scanColor@i_819                cstackCOMRAM 000035
scanColor@mL                   cstackCOMRAM 000027
scanColor@mR                   cstackCOMRAM 000029
scanColor@sc                   cstackCOMRAM 000025
setMotorPWM@PWMduty            cstackCOMRAM 000017
setMotorPWM@m                  cstackCOMRAM 00000E
stackhi                        (abs)        000000
stacklo                        (abs)        000000
start                          init         000000
start_initialization           cinit        01BA70
stop@mL                        cstackCOMRAM 000019
stop@mR                        cstackCOMRAM 00001B
turn180@mL                     cstackCOMRAM 00001D
turn180@mR                     cstackCOMRAM 00001F
turnACW45@mL                   cstackCOMRAM 00001D
turnACW45@mR                   cstackCOMRAM 00001F
turnCW45@mL                    cstackCOMRAM 00001D
turnCW45@mR                    cstackCOMRAM 00001F
turnonLED@BL                   cstackCOMRAM 000005
turnonLED@GL                   cstackCOMRAM 000003
turnonLED@RL                   cstackCOMRAM 000001
whiteAction@mL                 cstackCOMRAM 000023
whiteAction@mR                 cstackCOMRAM 000025
whiteAction@reverse            cstackCOMRAM 000029
yellowAction@mL                cstackCOMRAM 000023
yellowAction@mR                cstackCOMRAM 000025
yellowAction@reverse           cstackCOMRAM 000029


MODULE INFORMATION

Module		Function		Class		Link	Load	Size
serial.c
		_initUSART4    		CODE           	1B9D6	0000	34

serial.c estimated size: 34

color.c
		_scanColor     		CODE           	1D232	0000	406
		_color_writetoaddr		CODE           	1B9B6	0000	32
		_findcolor     		CODE           	1E5E6	0000	1850
		_color_click_init		CODE           	1BA9A	0000	52
		_turnonLED     		CODE           	1BD28	0000	86
		_initButton    		CODE           	1B99E	0000	24
		_color_read_Green		CODE           	1BC36	0000	80
		_color_read_Clear		CODE           	1BBE6	0000	80
		_color_read_Red		CODE           	1BC86	0000	80
		_convertHSV    		CODE           	1F526	0000	2778
		_findHSV       		CODE           	1ED20	0000	2054
		_color_read_Blue		CODE           	1BB96	0000	80
		_calibrateColor		CODE           	1CCD0	0000	282

color.c estimated size: 7884

case.c
		_colorCase     		CODE           	1CF46	0000	372

case.c estimated size: 372

action.c
		_blackAction   		CODE           	1BEE2	0000	148
		_greenAction   		CODE           	1C6EC	0000	240
		_blueAction    		CODE           	1BD7E	0000	114
		_yellowAction  		CODE           	1CDEA	0000	348
		_lightBlueAction		CODE           	1C9C0	0000	260
		_pinkAction    		CODE           	1D0BA	0000	376
		_redAction     		CODE           	1C7DC	0000	240
		_orangeAction  		CODE           	1CAC4	0000	260
		_nullAction    		CODE           	1B988	0000	22
		_whiteAction   		CODE           	1BF76	0000	148

action.c estimated size: 2156

C:\Program Files\Microchip\xc8\v2.35\pic\sources\c99\common\sprcmul.c
		___flmul       		CODE           	1DCFC	0000	1066

C:\Program Files\Microchip\xc8\v2.35\pic\sources\c99\common\sprcmul.c estimated size: 1066

C:\Program Files\Microchip\xc8\v2.35\pic\sources\c99\common\sprcdiv.c
		___fldiv       		CODE           	1D962	0000	922

C:\Program Files\Microchip\xc8\v2.35\pic\sources\c99\common\sprcdiv.c estimated size: 922

i2c.c
		_I2C_2_Master_Start		CODE           	1B968	0000	10
		_I2C_2_Master_Read		CODE           	1BB0E	0000	66
		_I2C_2_Master_Idle		CODE           	1BA1E	0000	40
		_I2C_2_Master_Init		CODE           	1BA46	0000	42
		_I2C_2_Master_Stop		CODE           	1B972	0000	10
		_I2C_2_Master_RepStart		CODE           	1B95E	0000	10
		_I2C_2_Master_Write		CODE           	1B97C	0000	12

i2c.c estimated size: 190

C:\Program Files\Microchip\xc8\v2.35\pic\sources\c99\common\lwdiv.c
		___lwdiv       		CODE           	1BDF0	0000	116

C:\Program Files\Microchip\xc8\v2.35\pic\sources\c99\common\lwdiv.c estimated size: 116

C:\Program Files\Microchip\xc8\v2.35\pic\sources\c99\common\Umul16.c
		___wmul        		CODE           	1B9F8	0000	38

C:\Program Files\Microchip\xc8\v2.35\pic\sources\c99\common\Umul16.c estimated size: 38

C:\Program Files\Microchip\xc8\v2.35\pic\sources\c99\common\fltol.c
		___fltol       		CODE           	1CBC8	0000	264

C:\Program Files\Microchip\xc8\v2.35\pic\sources\c99\common\fltol.c estimated size: 264

motor.c
		_stop          		CODE           	1C518	0000	234
		_initDCmotorsPWM		CODE           	1C602	0000	234
		_adjustbackward		CODE           	1BE64	0000	126
		_turnACW45     		CODE           	1C0C6	0000	220
		_forward       		CODE           	1C00A	0000	188
		_turnCW45      		CODE           	1C1A2	0000	220
		_setMotorPWM   		CODE           	1D57C	0000	468
		_adjustforward 		CODE           	1C43A	0000	222
		_turn180       		CODE           	1C27E	0000	222
		_backward      		CODE           	1C35C	0000	222

motor.c estimated size: 2356

scan.c
		_fwdTimeArray  		CODE           	1BCD6	0000	82
		_backToStart   		CODE           	1C8CC	0000	244
		_actionArray   		CODE           	1BACE	0000	64

scan.c estimated size: 390

C:\Program Files\Microchip\xc8\v2.35\pic\sources\c99\common\sprcadd.c
		___flsub       		CODE           	1BB50	0000	70
		___fladd       		CODE           	1E126	0000	1216

C:\Program Files\Microchip\xc8\v2.35\pic\sources\c99\common\sprcadd.c estimated size: 1286

shared
		__initialization		CODE           	1BA70	0000	36

shared estimated size: 36

C:\Program Files\Microchip\xc8\v2.35\pic\sources\c99\common\xxtofl.c
		___xxtofl      		CODE           	1D3C8	0000	436

C:\Program Files\Microchip\xc8\v2.35\pic\sources\c99\common\xxtofl.c estimated size: 436

main.c
		_main          		CODE           	1D750	0000	530

main.c estimated size: 530

